// Jest Snapshot v1, https://goo.gl/fbAQLP

exports[`TERow matches snapshot 1`] = `
<DocumentFragment>
  .c0 {
  position: relative;
  display: inline-block;
  vertical-align: top;
  margin-bottom: 10px;
  text-align: left;
  box-sizing: border-box;
  padding-right: 0px;
  width: 100%;
}

<div
    class="c0 TERow "
  />
</DocumentFragment>
`;
