// Jest Snapshot v1, https://goo.gl/fbAQLP

exports[`TERadioButtonInput matches snapshot 1`] = `
<DocumentFragment>
  <input
    class="sc-bdnylx dpqFiO TERadioButtonInput "
    type="radio"
  />
</DocumentFragment>
`;
