// Jest Snapshot v1, https://goo.gl/fbAQLP

exports[`TECheckboxInput matches snapshot 1`] = `
<DocumentFragment>
  <input
    class="sc-bdnylx dpqFiO TECheckboxInput "
    type="checkbox"
  />
</DocumentFragment>
`;
