// Jest Snapshot v1, https://goo.gl/fbAQLP

exports[`DatetimeRow matches snapshot 1`] = `
<DocumentFragment>
  .c0 {
  position: relative;
  display: inline-block;
  vertical-align: top;
  margin-bottom: 10px;
  text-align: left;
  box-sizing: border-box;
  padding-right: 0px;
  width: 100%;
}

<div
    class="c0 tec-formRow tec-datetimeRow "
  >
    <div
      class="react-datepicker-wrapper"
    >
      <div
        class="react-datepicker__input-container"
      >
        <input
          autocomplete="off"
          class="tec-datetimeInput tec-datetimeRowDateInput"
          id="myDatetimeRow"
          type="text"
          value=""
        />
      </div>
    </div>
  </div>
</DocumentFragment>
`;
