// Jest Snapshot v1, https://goo.gl/fbAQLP

exports[`TETextarea matches snapshot 1`] = `
<DocumentFragment>
  .c0 {
  position: relative;
  display: block;
  width: 100%;
  font-size: 14px;
  box-sizing: border-box;
  padding: 10px;
  min-height: 140px;
  border-radius: 5px;
  line-height: 1.5;
  margin: 0px;
  border: 1px solid;
  -webkit-transition: border-color 0.2s ease-in,box-shadow 0.2s ease-in;
  transition: border-color 0.2s ease-in,box-shadow 0.2s ease-in;
}

.c0:hover,
.c0:active {
  border: 1px solid;
  box-shadow: 0 0 0 1px inset;
}

.c0:disabled {
  border: 1px solid;
  box-shadow: none;
  cursor: not-allowed;
}

<textarea
    class="c0 TETextarea "
  />
</DocumentFragment>
`;
