// Jest Snapshot v1, https://goo.gl/fbAQLP

exports[`TEPanelWrapper matches snapshot 1`] = `
<DocumentFragment>
  <div
    class="sc-bdnylx iPwRjN TEPanelWrapper "
  />
</DocumentFragment>
`;
