// Jest Snapshot v1, https://goo.gl/fbAQLP

exports[`TEImageRow matches snapshot 1`] = `
<DocumentFragment>
  .c0 {
  position: relative;
  display: inline-block;
  vertical-align: top;
  margin-bottom: 10px;
  text-align: left;
  box-sizing: border-box;
  padding-right: 0px;
  width: 100%;
}

.c1 {
  overflow-x: auto;
  width: 100%;
  padding: 5px;
  display: -webkit-box;
  display: -webkit-flex;
  display: -ms-flexbox;
  display: flex;
  -webkit-align-items: center;
  -webkit-box-align: center;
  -ms-flex-align: center;
  align-items: center;
}

.c2 {
  position: relative;
  display: -webkit-box;
  display: -webkit-flex;
  display: -ms-flexbox;
  display: flex;
  -webkit-align-items: center;
  -webkit-box-align: center;
  -ms-flex-align: center;
  align-items: center;
  -webkit-box-pack: center;
  -webkit-justify-content: center;
  -ms-flex-pack: center;
  justify-content: center;
  width: 150px;
  height: 150px;
  -webkit-flex-shrink: 0;
  -ms-flex-negative: 0;
  flex-shrink: 0;
  padding: 30px;
  margin-left: 0px;
  margin-right: 15px;
  cursor: pointer;
  border: 1px solid;
  box-shadow: none;
  border-radius: 5px;
  -webkit-transition: border-color 0.2s ease-in,box-shadow 0.2s ease-in;
  transition: border-color 0.2s ease-in,box-shadow 0.2s ease-in;
}

.c2:hover,
.c2:active {
  border: 1px solid;
  box-shadow: 0 0 0 1px undefined inset;
}

.c3 {
  font-size: 60px;
}

.c4 {
  display: none;
}

<div
    class="c0 TERow TEImageRow "
  >
    <div
      class="c1 TEImageRowWrapper"
    >
      <label
        class="c2"
      >
        <div>
          <svg
            class="c3"
            fill="currentColor"
            height="1em"
            stroke="currentColor"
            stroke-width="0"
            viewBox="0 0 512 512"
            width="1em"
            xmlns="http://www.w3.org/2000/svg"
          >
            <path
              d="M296 384h-80c-13.3 0-24-10.7-24-24V192h-87.7c-17.8 0-26.7-21.5-14.1-34.1L242.3 5.7c7.5-7.5 19.8-7.5 27.3 0l152.2 152.2c12.6 12.6 3.7 34.1-14.1 34.1H320v168c0 13.3-10.7 24-24 24zm216-8v112c0 13.3-10.7 24-24 24H24c-13.3 0-24-10.7-24-24V376c0-13.3 10.7-24 24-24h136v8c0 30.9 25.1 56 56 56h80c30.9 0 56-25.1 56-56v-8h136c13.3 0 24 10.7 24 24zm-124 88c0-11-9-20-20-20s-20 9-20 20 9 20 20 20 20-9 20-20zm64 0c0-11-9-20-20-20s-20 9-20 20 9 20 20 20 20-9 20-20z"
            />
          </svg>
        </div>
        <input
          accept="image/*"
          class="c4"
          type="file"
        />
      </label>
    </div>
  </div>
</DocumentFragment>
`;
