// Jest Snapshot v1, https://goo.gl/fbAQLP

exports[`SegmentedGroup matches snapshot 1`] = `
<DocumentFragment>
  .c0 {
  position: relative;
  display: inline-block;
  vertical-align: top;
  margin-bottom: 10px;
  text-align: left;
  box-sizing: border-box;
  padding-right: 0px;
  width: 100%;
}

.c4 {
  position: relative;
  display: block;
  width: auto;
  box-sizing: border-box;
  margin-bottom: 3px;
  font-size: 18px;
  cursor: pointer;
}

.c2 {
  cursor: pointer;
  box-sizing: border-box;
  margin: 0px;
}

.c2:disabled {
  cursor: not-allowed;
}

.c5 {
  width: 100%;
  -webkit-align-self: auto;
  -ms-flex-item-align: auto;
  align-self: auto;
  text-align: left;
  display: block;
  margin-bottom: 3px;
  padding-right: 0px;
  font-size: 18px;
}

.c1 {
  display: inline-block;
  width: auto;
}

.c3 {
  display: none;
}

.c6 {
  display: inline-block;
  width: auto;
  border: 1px solid;
  padding: 8px 15px;
  margin: 0px;
  font-size: 14px;
  cursor: pointer;
  pointer-events: auto;
  -webkit-transition: color 0.2s ease-in,background-color 0.2s ease-in, border 0.2s ease-in;
  transition: color 0.2s ease-in,background-color 0.2s ease-in, border 0.2s ease-in;
  border-top-left-radius: 5px;
  border-bottom-left-radius: 5px;
}

.c6:hover,
.c6:active {
  border: 1px solid;
}

.c7 {
  display: inline-block;
  width: auto;
  border: 1px solid;
  padding: 8px 15px;
  margin: 0px;
  font-size: 14px;
  cursor: pointer;
  pointer-events: auto;
  -webkit-transition: color 0.2s ease-in,background-color 0.2s ease-in, border 0.2s ease-in;
  transition: color 0.2s ease-in,background-color 0.2s ease-in, border 0.2s ease-in;
  border-top-right-radius: 5px;
  border-bottom-right-radius: 5px;
}

.c7:hover,
.c7:active {
  border: 1px solid;
}

@media (max-width:550px) {
  .c4 {
    font-size: 16px;
  }
}

@media (max-width:550px) {
  .c5 {
    font-size: 16px;
  }
}

<div
    class="c0 tec-formRow tec-segmentedGroup "
  >
    <div
      class="tec-segmentedGroupSegmentedContainer"
    >
      <div
        class="c1 tec-segmentedGroupSegmentedLabelWrapper"
      >
        <input
          checked=""
          class="c2 tec-radioButtonInput c3 tec-segmentedGroupSegmentedInput"
          id="testSegmentedGroupsomeValue"
          type="radio"
          value="someValue"
        />
        <label
          class="c4 tec-label c5 c6 tec-segmentedGroupSegmentedLabel"
          for="testSegmentedGroupsomeValue"
        >
          someValue
        </label>
      </div>
      <div
        class="c1 tec-segmentedGroupSegmentedLabelWrapper"
      >
        <input
          class="c2 tec-radioButtonInput c3 tec-segmentedGroupSegmentedInput"
          id="testSegmentedGroupanotherValue"
          type="radio"
          value="anotherValue"
        />
        <label
          class="c4 tec-label c5 c7 tec-segmentedGroupSegmentedLabel"
          for="testSegmentedGroupanotherValue"
        >
          anotherValue
        </label>
      </div>
    </div>
  </div>
</DocumentFragment>
`;
