// Jest Snapshot v1, https://goo.gl/fbAQLP

exports[`ThemeContext matches snapshot 1`] = `<DocumentFragment />`;
