// Jest Snapshot v1, https://goo.gl/fbAQLP

exports[`TEThemeContext matches snapshot 1`] = `<DocumentFragment />`;
