// Jest Snapshot v1, https://goo.gl/fbAQLP

exports[`TEFileInput matches snapshot 1`] = `
<DocumentFragment>
  <div
    class="sc-gtssRu dbxvrr TEFileInput "
  >
    <div
      class="sc-dlnjPT eaxhob TEFileInputInputWrapper"
    >
      <label
        class="sc-hKFyIo boUedS TEFileInputLabel"
      >
        <span
          class="sc-eCApGN TEFileInputCopy"
        >
          <svg
            class="sc-jSFkmK ljtlkI TEFileInputIcon"
            fill="currentColor"
            height="1em"
            stroke="currentColor"
            stroke-width="0"
            viewBox="0 0 384 512"
            width="1em"
            xmlns="http://www.w3.org/2000/svg"
          >
            <path
              d="M224 136V0H24C10.7 0 0 10.7 0 24v464c0 13.3 10.7 24 24 24h336c13.3 0 24-10.7 24-24V160H248c-13.2 0-24-10.8-24-24zm65.18 216.01H224v80c0 8.84-7.16 16-16 16h-32c-8.84 0-16-7.16-16-16v-80H94.82c-14.28 0-21.41-17.29-11.27-27.36l96.42-95.7c6.65-6.61 17.39-6.61 24.04 0l96.42 95.7c10.15 10.07 3.03 27.36-11.25 27.36zM377 105L279.1 7c-4.5-4.5-10.6-7-17-7H256v128h128v-6.1c0-6.3-2.5-12.4-7-16.9z"
            />
          </svg>
          Choose a file...
        </span>
        <input
          class="sc-gKAblj jUZZoM TEFileInputInput"
          type="file"
        />
      </label>
      <button
        class="sc-bdnylx ccWmoN TEButton sc-iCoHVE iUWVMl TEFileInputClearButton"
        type="button"
      >
        <svg
          class="sc-fujyUd kleyEx TEFileInputClearIcon"
          fill="currentColor"
          height="1em"
          stroke="currentColor"
          stroke-width="0"
          viewBox="0 0 512 512"
          width="1em"
          xmlns="http://www.w3.org/2000/svg"
        >
          <path
            d="M464 32H48C21.5 32 0 53.5 0 80v352c0 26.5 21.5 48 48 48h416c26.5 0 48-21.5 48-48V80c0-26.5-21.5-48-48-48zm0 394c0 3.3-2.7 6-6 6H54c-3.3 0-6-2.7-6-6V86c0-3.3 2.7-6 6-6h404c3.3 0 6 2.7 6 6v340zM356.5 194.6L295.1 256l61.4 61.4c4.6 4.6 4.6 12.1 0 16.8l-22.3 22.3c-4.6 4.6-12.1 4.6-16.8 0L256 295.1l-61.4 61.4c-4.6 4.6-12.1 4.6-16.8 0l-22.3-22.3c-4.6-4.6-4.6-12.1 0-16.8l61.4-61.4-61.4-61.4c-4.6-4.6-4.6-12.1 0-16.8l22.3-22.3c4.6-4.6 12.1-4.6 16.8 0l61.4 61.4 61.4-61.4c4.6-4.6 12.1-4.6 16.8 0l22.3 22.3c4.7 4.6 4.7 12.1 0 16.8z"
          />
        </svg>
      </button>
    </div>
  </div>
</DocumentFragment>
`;
