// Jest Snapshot v1, https://goo.gl/fbAQLP

exports[`FileManagerRow matches snapshot 1`] = `
<DocumentFragment>
  .c0 {
  position: relative;
  display: inline-block;
  vertical-align: top;
  margin-bottom: 10px;
  text-align: left;
  box-sizing: border-box;
  padding-right: 0px;
  width: 100%;
}

.c1 {
  display: -webkit-box;
  display: -webkit-flex;
  display: -ms-flexbox;
  display: flex;
  -webkit-flex-direction: column;
  -ms-flex-direction: column;
  flex-direction: column;
  width: 100%;
}

.c3 {
  display: -webkit-box;
  display: -webkit-flex;
  display: -ms-flexbox;
  display: flex;
  -webkit-box-pack: justify;
  -webkit-justify-content: space-between;
  -ms-flex-pack: justify;
  justify-content: space-between;
  -webkit-align-items: center;
  -webkit-box-align: center;
  -ms-flex-align: center;
  align-items: center;
  width: 100%;
  border-radius: 5px;
  padding-right: 5px;
  border: 1px solid;
  box-shadow: none;
  -webkit-transition: border-color 0.2s ease-in,box-shadow 0.2s ease-in;
  transition: border-color 0.2s ease-in,box-shadow 0.2s ease-in;
}

.c3:hover,
.c3:active {
  border: 1px solid;
  box-shadow: 0 0 0 1px inset;
}

.c4 {
  display: block;
  width: 100%;
  font-size: 14px;
  padding: 10px;
  cursor: pointer;
}

.c5 {
  margin-right: 10px;
  vertical-align: middle;
  font-size: 18px;
}

.c6 {
  display: none;
}

.c2 {
  margin-top: 10px;
}

<div
    class="c0 tec-formRow tec-fileManagerRow "
  >
    <div
      class="tec-fileManagerRowWrapper"
    >
      <div
        class="c1 tec-fileInput c2 tec-fileManagerInput"
      >
        <div
          class="c3 tec-fileInputInputWrapper"
        >
          <label
            class="c4 tec-fileInputLabel"
          >
            <span
              class="tec-fileInputCopy"
            >
              <svg
                class="c5 tec-fileInputIcon"
                fill="currentColor"
                height="1em"
                stroke="currentColor"
                stroke-width="0"
                viewBox="0 0 384 512"
                width="1em"
                xmlns="http://www.w3.org/2000/svg"
              >
                <path
                  d="M224 136V0H24C10.7 0 0 10.7 0 24v464c0 13.3 10.7 24 24 24h336c13.3 0 24-10.7 24-24V160H248c-13.2 0-24-10.8-24-24zm65.18 216.01H224v80c0 8.84-7.16 16-16 16h-32c-8.84 0-16-7.16-16-16v-80H94.82c-14.28 0-21.41-17.29-11.27-27.36l96.42-95.7c6.65-6.61 17.39-6.61 24.04 0l96.42 95.7c10.15 10.07 3.03 27.36-11.25 27.36zM377 105L279.1 7c-4.5-4.5-10.6-7-17-7H256v128h128v-6.1c0-6.3-2.5-12.4-7-16.9z"
                />
              </svg>
              Choose a file...
            </span>
            <input
              accept="."
              class="c6 tec-fileInputInput"
              id="testFileManagerRow"
              type="file"
            />
          </label>
        </div>
      </div>
    </div>
  </div>
</DocumentFragment>
`;
