// Jest Snapshot v1, https://goo.gl/fbAQLP

exports[`TEButton matches snapshot 1`] = `
<DocumentFragment>
  <button
    class="sc-bdnylx ccWmoN TEButton "
    type="button"
  >
    My Test Button
  </button>
</DocumentFragment>
`;
